127.0.0.1 - - [31/Mar/2022:08:54:51 -0400] "GET / HTTP/1.1" 404 764
0:0:0:0:0:0:0:1 - - [31/Mar/2022:08:55:04 -0400] "GET /gerenciador/bemvindo.html HTTP/1.1" 200 97
0:0:0:0:0:0:0:1 - - [31/Mar/2022:08:55:04 -0400] "GET /favicon.ico HTTP/1.1" 404 775
0:0:0:0:0:0:0:1 - - [31/Mar/2022:08:55:37 -0400] "GET /gerenciador/bemvindo.html HTTP/1.1" 304 -
0:0:0:0:0:0:0:1 - - [31/Mar/2022:08:55:39 -0400] "GET /gerenciador/bemvindo.html HTTP/1.1" 304 -
127.0.0.1 - - [31/Mar/2022:08:55:45 -0400] "GET / HTTP/1.1" 404 764
0:0:0:0:0:0:0:1 - - [31/Mar/2022:08:55:46 -0400] "GET /gerenciador/bemvindo.html HTTP/1.1" 200 97
0:0:0:0:0:0:0:1 - - [31/Mar/2022:08:55:47 -0400] "GET /gerenciador/bemvindo.html HTTP/1.1" 304 -
0:0:0:0:0:0:0:1 - - [31/Mar/2022:08:55:47 -0400] "GET /gerenciador/bemvindo.html HTTP/1.1" 304 -
0:0:0:0:0:0:0:1 - - [31/Mar/2022:08:55:48 -0400] "GET /gerenciador/bemvindo.html HTTP/1.1" 304 -
0:0:0:0:0:0:0:1 - - [31/Mar/2022:08:55:48 -0400] "GET /gerenciador/bemvindo.html HTTP/1.1" 304 -
0:0:0:0:0:0:0:1 - - [31/Mar/2022:08:55:50 -0400] "GET /gerenciador/bemvindo.html HTTP/1.1" 304 -
0:0:0:0:0:0:0:1 - - [31/Mar/2022:08:55:51 -0400] "GET /gerenciador/bemvindo.html HTTP/1.1" 304 -
0:0:0:0:0:0:0:1 - - [31/Mar/2022:08:56:03 -0400] "GET /gerenciador/bemvindo.html HTTP/1.1" 304 -
127.0.0.1 - - [31/Mar/2022:08:57:16 -0400] "GET / HTTP/1.1" 404 764
0:0:0:0:0:0:0:1 - - [31/Mar/2022:08:57:19 -0400] "GET /gerenciador/bemvindo.html HTTP/1.1" 304 -
0:0:0:0:0:0:0:1 - - [31/Mar/2022:08:57:20 -0400] "GET /gerenciador/bemvindo.html HTTP/1.1" 304 -
0:0:0:0:0:0:0:1 - - [31/Mar/2022:08:57:20 -0400] "GET /gerenciador/bemvindo.html HTTP/1.1" 304 -
0:0:0:0:0:0:0:1 - - [31/Mar/2022:08:57:21 -0400] "GET /gerenciador/bemvindo.html HTTP/1.1" 304 -
127.0.0.1 - - [31/Mar/2022:08:58:13 -0400] "GET / HTTP/1.1" 404 764
0:0:0:0:0:0:0:1 - - [31/Mar/2022:08:58:16 -0400] "GET /gerenciador/bemvindo.html HTTP/1.1" 304 -
0:0:0:0:0:0:0:1 - - [31/Mar/2022:08:58:17 -0400] "GET /gerenciador/bemvindo.html HTTP/1.1" 304 -
127.0.0.1 - - [31/Mar/2022:08:59:03 -0400] "GET / HTTP/1.1" 404 764
0:0:0:0:0:0:0:1 - - [31/Mar/2022:08:59:05 -0400] "GET /gerenciador/bemvindo.html HTTP/1.1" 200 100
0:0:0:0:0:0:0:1 - - [31/Mar/2022:09:45:59 -0400] "GET /gerenciador/bemvindo.html HTTP/1.1" 200 132
0:0:0:0:0:0:0:1 - - [31/Mar/2022:10:23:31 -0400] "GET /gerenciador/bemvindo.html HTTP/1.1" 304 -
127.0.0.1 - - [31/Mar/2022:10:37:04 -0400] "GET / HTTP/1.1" 404 764
127.0.0.1 - - [31/Mar/2022:10:37:14 -0400] "GET / HTTP/1.1" 404 764
0:0:0:0:0:0:0:1 - - [31/Mar/2022:10:37:18 -0400] "GET /gerenciador/bemvindo.html HTTP/1.1" 304 -
0:0:0:0:0:0:0:1 - - [31/Mar/2022:10:37:20 -0400] "GET /gerenciador/bemvindo.html HTTP/1.1" 304 -
0:0:0:0:0:0:0:1 - - [31/Mar/2022:10:37:21 -0400] "GET /gerenciador/bemvindo.html HTTP/1.1" 304 -
0:0:0:0:0:0:0:1 - - [31/Mar/2022:10:39:03 -0400] "GET /gerenciador/oi HTTP/1.1" 500 1368
127.0.0.1 - - [31/Mar/2022:10:41:06 -0400] "GET / HTTP/1.1" 404 764
0:0:0:0:0:0:0:1 - - [31/Mar/2022:10:41:11 -0400] "GET /gerenciador/oi HTTP/1.1" 200 94
127.0.0.1 - - [31/Mar/2022:10:41:43 -0400] "GET / HTTP/1.1" 404 764
0:0:0:0:0:0:0:1 - - [31/Mar/2022:10:42:38 -0400] "GET /gerenciador/oi HTTP/1.1" 200 92
127.0.0.1 - - [31/Mar/2022:10:49:20 -0400] "GET / HTTP/1.1" 404 764
127.0.0.1 - - [31/Mar/2022:10:49:39 -0400] "GET / HTTP/1.1" 404 764
0:0:0:0:0:0:0:1 - - [31/Mar/2022:10:50:05 -0400] "GET /gerenciador/oi HTTP/1.1" 200 92
127.0.0.1 - - [31/Mar/2022:12:11:18 -0400] "GET / HTTP/1.1" 404 764
0:0:0:0:0:0:0:1 - - [31/Mar/2022:12:11:28 -0400] "GET /gerenciador/oi HTTP/1.1" 200 92
127.0.0.1 - - [31/Mar/2022:12:11:52 -0400] "GET / HTTP/1.1" 404 764
0:0:0:0:0:0:0:1 - - [31/Mar/2022:12:11:55 -0400] "GET /gerenciador/oi HTTP/1.1" 200 92
0:0:0:0:0:0:0:1 - - [31/Mar/2022:12:12:21 -0400] "GET /gerenciador/novaEmpresa HTTP/1.1" 200 59
127.0.0.1 - - [31/Mar/2022:12:16:32 -0400] "GET / HTTP/1.1" 404 764
0:0:0:0:0:0:0:1 - - [31/Mar/2022:12:17:27 -0400] "GET /gerenciador/novaEmpresa?nome=TJRR HTTP/1.1" 200 62
127.0.0.1 - - [31/Mar/2022:12:17:42 -0400] "GET / HTTP/1.1" 404 764
0:0:0:0:0:0:0:1 - - [31/Mar/2022:12:17:46 -0400] "GET /gerenciador/novaEmpresa?nome=TJRR HTTP/1.1" 200 64
127.0.0.1 - - [31/Mar/2022:12:28:52 -0400] "GET / HTTP/1.1" 404 764
0:0:0:0:0:0:0:1 - - [31/Mar/2022:12:29:01 -0400] "GET /gerenciador/novaEmpresa?nome=TJRR HTTP/1.1" 200 64
0:0:0:0:0:0:0:1 - - [31/Mar/2022:12:29:23 -0400] "GET /gerenciador/oi HTTP/1.1" 200 92
127.0.0.1 - - [31/Mar/2022:13:28:29 -0400] "GET / HTTP/1.1" 404 764
0:0:0:0:0:0:0:1 - - [31/Mar/2022:13:28:39 -0400] "GET /gerenciador/formNovaEmpresa.html HTTP/1.1" 200 225
0:0:0:0:0:0:0:1 - - [31/Mar/2022:13:28:44 -0400] "GET /gerenciador/novaEmpresa?nome=Matheus+Delmondes HTTP/1.1" 200 77
0:0:0:0:0:0:0:1 - - [31/Mar/2022:13:29:48 -0400] "GET /gerenciador/novaEmpresa HTTP/1.1" 200 64
0:0:0:0:0:0:0:1 - - [31/Mar/2022:13:30:03 -0400] "GET /gerenciador/formNovaEmpresa HTTP/1.1" 404 795
0:0:0:0:0:0:0:1 - - [31/Mar/2022:13:30:08 -0400] "GET /gerenciador/formNovaEmpresa.html HTTP/1.1" 304 -
127.0.0.1 - - [31/Mar/2022:13:30:29 -0400] "GET / HTTP/1.1" 404 764
0:0:0:0:0:0:0:1 - - [31/Mar/2022:13:30:37 -0400] "GET /gerenciador/formNovaEmpresa.html HTTP/1.1" 200 252
0:0:0:0:0:0:0:1 - - [31/Mar/2022:13:31:08 -0400] "GET /gerenciador/formNovaEmpresa.html HTTP/1.1" 304 -
0:0:0:0:0:0:0:1 - - [31/Mar/2022:13:31:09 -0400] "GET /gerenciador/formNovaEmpresa.html HTTP/1.1" 304 -
0:0:0:0:0:0:0:1 - - [31/Mar/2022:13:31:19 -0400] "GET /gerenciador/formNovaEmpresa.html HTTP/1.1" 304 -
0:0:0:0:0:0:0:1 - - [31/Mar/2022:13:47:37 -0400] "GET /gerenciador/novaEmpresa?nome=TJRR HTTP/1.1" 200 64
0:0:0:0:0:0:0:1 - - [31/Mar/2022:13:50:01 -0400] "GET /gerenciador/novaEmpresa?nome=TJRR HTTP/1.1" 200 64
0:0:0:0:0:0:0:1 - - [31/Mar/2022:13:50:03 -0400] "GET /gerenciador/novaEmpresa?nome=TJRR HTTP/1.1" 200 64
127.0.0.1 - - [31/Mar/2022:13:50:19 -0400] "GET / HTTP/1.1" 404 764
0:0:0:0:0:0:0:1 - - [31/Mar/2022:13:50:30 -0400] "GET /gerenciador/formNovaEmpresa.html HTTP/1.1" 200 266
0:0:0:0:0:0:0:1 - - [31/Mar/2022:13:50:50 -0400] "POST /gerenciador/novaEmpresa HTTP/1.1" 200 82
0:0:0:0:0:0:0:1 - - [31/Mar/2022:13:57:52 -0400] "POST /gerenciador/novaEmpresa HTTP/1.1" 200 82
127.0.0.1 - - [31/Mar/2022:14:11:55 -0400] "GET / HTTP/1.1" 404 764
0:0:0:0:0:0:0:1 - - [31/Mar/2022:14:12:11 -0400] "GET /gerenciador/formNovaEmpresa.html HTTP/1.1" 200 267
127.0.0.1 - - [31/Mar/2022:14:14:24 -0400] "GET / HTTP/1.1" 404 764
0:0:0:0:0:0:0:1 - - [31/Mar/2022:14:14:25 -0400] "GET /gerenciador/novaEmpresa?nome=TJRR HTTP/1.1" 200 64
0:0:0:0:0:0:0:1 - - [31/Mar/2022:14:14:33 -0400] "GET /gerenciador/novaEmpresa?nome=TJRR HTTP/1.1" 200 64
127.0.0.1 - - [31/Mar/2022:14:15:06 -0400] "GET / HTTP/1.1" 404 764
0:0:0:0:0:0:0:1 - - [31/Mar/2022:14:15:43 -0400] "GET /gerenciador/novaEmpresa HTTP/1.1" 405 752
0:0:0:0:0:0:0:1 - - [31/Mar/2022:14:16:09 -0400] "GET /gerenciador/novaEmpresa?nome=TJRR HTTP/1.1" 405 752
0:0:0:0:0:0:0:1 - - [31/Mar/2022:14:16:29 -0400] "GET /gerenciador/formNovaEmpresa.html HTTP/1.1" 304 -
0:0:0:0:0:0:0:1 - - [31/Mar/2022:14:16:39 -0400] "POST /gerenciador/novaEmpresa HTTP/1.1" 200 77
0:0:0:0:0:0:0:1 - - [31/Mar/2022:14:16:47 -0400] "GET /gerenciador/novaEmpresa?nome=TJRR HTTP/1.1" 405 752
127.0.0.1 - - [31/Mar/2022:14:55:04 -0400] "GET / HTTP/1.1" 404 764
127.0.0.1 - - [31/Mar/2022:14:55:22 -0400] "GET / HTTP/1.1" 404 764
0:0:0:0:0:0:0:1 - - [31/Mar/2022:14:55:36 -0400] "GET /gerenciador/novaEmpresa?nome=TJRR HTTP/1.1" 405 752
0:0:0:0:0:0:0:1 - - [31/Mar/2022:14:55:40 -0400] "GET /gerenciador/novaEmpresa HTTP/1.1" 405 752
0:0:0:0:0:0:0:1 - - [31/Mar/2022:14:55:45 -0400] "GET /gerenciador/novaEmpresa HTTP/1.1" 405 752
0:0:0:0:0:0:0:1 - - [31/Mar/2022:14:55:51 -0400] "GET /gerenciador/formNovaEmpresa.html HTTP/1.1" 304 -
0:0:0:0:0:0:0:1 - - [31/Mar/2022:14:55:59 -0400] "POST /gerenciador/novaEmpresa HTTP/1.1" 200 66
127.0.0.1 - - [31/Mar/2022:15:56:05 -0400] "GET / HTTP/1.1" 404 764
0:0:0:0:0:0:0:1 - - [31/Mar/2022:16:01:58 -0400] "GET /gerenciador/listaEmpresas HTTP/1.1" 200 43
0:0:0:0:0:0:0:1 - - [31/Mar/2022:16:03:41 -0400] "GET /gerenciador/listaEmpresas HTTP/1.1" 200 43
0:0:0:0:0:0:0:1 - - [31/Mar/2022:16:04:15 -0400] "GET /gerenciador/formNovaEmpresa.html HTTP/1.1" 304 -
0:0:0:0:0:0:0:1 - - [31/Mar/2022:16:04:35 -0400] "POST /gerenciador/novaEmpresa HTTP/1.1" 200 66
0:0:0:0:0:0:0:1 - - [31/Mar/2022:16:04:42 -0400] "POST /gerenciador/novaEmpresa HTTP/1.1" 200 66
0:0:0:0:0:0:0:1 - - [31/Mar/2022:16:04:48 -0400] "POST /gerenciador/novaEmpresa HTTP/1.1" 200 64
0:0:0:0:0:0:0:1 - - [31/Mar/2022:16:05:04 -0400] "GET /gerenciador/listaEmpresas HTTP/1.1" 200 92
127.0.0.1 - - [31/Mar/2022:16:09:30 -0400] "GET / HTTP/1.1" 404 764
0:0:0:0:0:0:0:1 - - [31/Mar/2022:16:09:58 -0400] "GET /gerenciador/listaEmpresas HTTP/1.1" 200 76
0:0:0:0:0:0:0:1 - - [31/Mar/2022:16:10:13 -0400] "POST /gerenciador/novaEmpresa HTTP/1.1" 200 66
0:0:0:0:0:0:0:1 - - [31/Mar/2022:16:10:18 -0400] "GET /gerenciador/listaEmpresas HTTP/1.1" 200 93
